root@zynq:~# mount
/dev/mmcblk0p2 on / type ext4 (rw,relatime,errors=remount-ro,data=ordered)
devtmpfs on /dev type devtmpfs (rw,relatime,size=246500k,nr_inodes=61625,mode=755)
sysfs on /sys type sysfs (rw,nosuid,nodev,noexec,relatime)
proc on /proc type proc (rw,nosuid,nodev,noexec,relatime)
tmpfs on /dev/shm type tmpfs (rw,nosuid,nodev)
devpts on /dev/pts type devpts (rw,nosuid,noexec,relatime,gid=5,mode=620,ptmxmode=000)
tmpfs on /run type tmpfs (rw,nosuid,nodev,mode=755)
tmpfs on /run/lock type tmpfs (rw,nosuid,nodev,noexec,relatime,size=5120k)
tmpfs on /sys/fs/cgroup type tmpfs (ro,nosuid,nodev,noexec,mode=755)
cgroup on /sys/fs/cgroup/systemd type cgroup (rw,nosuid,nodev,noexec,relatime,xattr,release_agent=/lib/systemd/systemd-cgroups-agent,name=systemd)
configfs on /sys/kernel/config type configfs (rw,relatime)
/dev/mmcblk0p1 on /boot type vfat (rw,relatime,fmask=0022,dmask=0022,codepage=437,iocharset=iso8859-1,shortname=mixed,errors=remount-ro)
rpc_pipefs on /run/rpc_pipefs type rpc_pipefs (rw,relatime)
/dev/mmcblk0p1 on /sd type vfat (rw,relatime,fmask=0022,dmask=0022,codepage=437,iocharset=iso8859-1,shortname=mixed,errors=remount-ro)
tmpfs on /run/user/0 type tmpfs (rw,nosuid,nodev,relatime,size=51044k,mode=700)
root@zynq:~# 
root@zynq:~# 
root@zynq:~# df -sh
df: invalid option -- 's'
Try 'df --help' for more information.
root@zynq:~# 
root@zynq:~# df -lh
Filesystem      Size  Used Avail Use% Mounted on
/dev/root       2.4G  1.2G  1.1G  51% /
devtmpfs        241M     0  241M   0% /dev
tmpfs           250M     0  250M   0% /dev/shm
tmpfs           250M  4.4M  245M   2% /run
tmpfs           5.0M     0  5.0M   0% /run/lock
tmpfs           250M     0  250M   0% /sys/fs/cgroup
/dev/mmcblk0p1  361M  5.4M  355M   2% /sd
tmpfs            50M     0   50M   0% /run/user/0
root@zynq:~# cat /proc/mtd 
dev:    size   erasesize  name
mtd0: 00500000 00001000 "boot"
mtd1: 00020000 00001000 "bootenv"
mtd2: 00a80000 00001000 "kernel"
mtd3: 01060000 00001000 "spare"
root@zynq:~# 
root@zynq:~# 
root@zynq:~# mtd
mtd_debug  mtdinfo    
root@zynq:~# mtd
mtd_debug  mtdinfo    
root@zynq:~# mtd_debug /dev/mtd0
usage: mtd_debug info <device>
       mtd_debug read <device> <offset> <len> <dest-filename>
       mtd_debug write <device> <offset> <len> <source-filename>
       mtd_debug erase <device> <offset> <len>
root@zynq:~# 
root@zynq:~# 
root@zynq:~# mtd_debug /dev/mtd1
usage: mtd_debug info <device>
       mtd_debug read <device> <offset> <len> <dest-filename>
       mtd_debug write <device> <offset> <len> <source-filename>
       mtd_debug erase <device> <offset> <len>
root@zynq:~# mtd_debug info /dev/mtd0
mtd.type = MTD_NORFLASH
mtd.flags = MTD_CAP_NORFLASH
mtd.size = 5242880 (5M)
mtd.erasesize = 4096 (4K)
mtd.writesize = 1 
mtd.oobsize = 0 
regions = 0

root@zynq:~# 
root@zynq:~# mtd_debug info /dev/mtd1
mtd.type = MTD_NORFLASH
mtd.flags = MTD_CAP_NORFLASH
mtd.size = 131072 (128K)
mtd.erasesize = 4096 (4K)
mtd.writesize = 1 
mtd.oobsize = 0 
regions = 0

root@zynq:~# mtd_debug info /dev/mtd2
mtd.type = MTD_NORFLASH
mtd.flags = MTD_CAP_NORFLASH
mtd.size = 11010048 (10M)
mtd.erasesize = 4096 (4K)
mtd.writesize = 1 
mtd.oobsize = 0 
regions = 0

root@zynq:~# mtd_debug info /dev/mtd3
mtd.type = MTD_NORFLASH
mtd.flags = MTD_CAP_NORFLASH
mtd.size = 17170432 (16M)
mtd.erasesize = 4096 (4K)
mtd.writesize = 1 
mtd.oobsize = 0 
regions = 0

root@zynq:~# mtd_debug info /dev/mtd4
mtd_debug: error!: open()
root@zynq:~# random: crng init done

root@zynq:~# 
root@zynq:~#